2026-07-02 21:37:41,511 - INFO - Memulai pipeline preprocessing audio DAIC-WOZ...
2026-07-02 21:37:41,511 - INFO - Path Input (Raw): d:\repositories\menthealth-ai\data\raw\DAIC-WOZ
2026-07-02 21:37:41,513 - INFO - Path Output (Cleaned): d:\repositories\menthealth-ai\data\cleaned
2026-07-02 21:37:41,518 - INFO - Ditemukan 189 folder participant di d:\repositories\menthealth-ai\data\raw\DAIC-WOZ
2026-07-02 21:37:41,522 - INFO - Memulai preprocessing untuk file: 300_AUDIO.wav
2026-07-02 21:37:52,664 - INFO - Berhasil memproses 300_AUDIO.wav. Durasi: 648.50s -> 155.26s (Speech ratio: 24.0%)
2026-07-02 21:37:52,705 - INFO - Memulai preprocessing untuk file: 301_AUDIO.wav
2026-07-02 21:37:56,840 - INFO - Berhasil memproses 301_AUDIO.wav. Durasi: 823.90s -> 474.85s (Speech ratio: 57.7%)
2026-07-02 21:37:56,932 - INFO - Memulai preprocessing untuk file: 302_AUDIO.wav
2026-07-02 21:37:58,856 - INFO - Berhasil memproses 302_AUDIO.wav. Durasi: 758.80s -> 208.86s (Speech ratio: 27.5%)
2026-07-02 21:37:58,909 - INFO - Memulai preprocessing untuk file: 303_AUDIO.wav
2026-07-02 21:38:04,463 - INFO - Berhasil memproses 303_AUDIO.wav. Durasi: 985.30s -> 642.62s (Speech ratio: 65.3%)
2026-07-02 21:38:04,596 - INFO - Memulai preprocessing untuk file: 304_AUDIO.wav
2026-07-02 21:38:07,679 - INFO - Berhasil memproses 304_AUDIO.wav. Durasi: 792.60s -> 361.73s (Speech ratio: 45.7%)
2026-07-02 21:38:07,758 - INFO - Memulai preprocessing untuk file: 305_AUDIO.wav
2026-07-02 21:38:16,897 - INFO - Berhasil memproses 305_AUDIO.wav. Durasi: 1704.00s -> 1117.47s (Speech ratio: 65.6%)
2026-07-02 21:38:17,101 - INFO - Memulai preprocessing untuk file: 306_AUDIO.wav
2026-07-02 21:38:21,270 - INFO - Berhasil memproses 306_AUDIO.wav. Durasi: 858.10s -> 508.77s (Speech ratio: 59.4%)
2026-07-02 21:38:21,371 - INFO - Memulai preprocessing untuk file: 307_AUDIO.wav
2026-07-02 21:38:27,842 - INFO - Berhasil memproses 307_AUDIO.wav. Durasi: 1238.80s -> 842.46s (Speech ratio: 68.1%)
2026-07-02 21:38:28,016 - INFO - Memulai preprocessing untuk file: 308_AUDIO.wav
2026-07-02 21:38:30,742 - INFO - Berhasil memproses 308_AUDIO.wav. Durasi: 867.60s -> 326.56s (Speech ratio: 37.7%)
2026-07-02 21:38:30,832 - INFO - Memulai preprocessing untuk file: 309_AUDIO.wav
2026-07-02 21:38:32,402 - INFO - Berhasil memproses 309_AUDIO.wav. Durasi: 705.80s -> 182.02s (Speech ratio: 25.8%)
2026-07-02 21:38:32,556 - INFO - Memulai preprocessing untuk file: 310_AUDIO.wav
2026-07-02 21:38:34,913 - INFO - Berhasil memproses 310_AUDIO.wav. Durasi: 844.90s -> 284.83s (Speech ratio: 33.8%)
2026-07-02 21:38:35,258 - INFO - Memulai preprocessing untuk file: 311_AUDIO.wav
2026-07-02 21:38:37,090 - INFO - Berhasil memproses 311_AUDIO.wav. Durasi: 785.60s -> 200.48s (Speech ratio: 25.6%)
2026-07-02 21:38:37,133 - INFO - Memulai preprocessing untuk file: 312_AUDIO.wav
2026-07-02 21:38:39,948 - INFO - Berhasil memproses 312_AUDIO.wav. Durasi: 790.00s -> 313.57s (Speech ratio: 39.7%)
2026-07-02 21:38:40,015 - INFO - Memulai preprocessing untuk file: 313_AUDIO.wav
2026-07-02 21:38:42,443 - INFO - Berhasil memproses 313_AUDIO.wav. Durasi: 753.80s -> 267.58s (Speech ratio: 35.5%)
2026-07-02 21:38:42,496 - INFO - Memulai preprocessing untuk file: 314_AUDIO.wav
2026-07-02 21:38:51,108 - INFO - Berhasil memproses 314_AUDIO.wav. Durasi: 1546.70s -> 1017.54s (Speech ratio: 65.8%)
2026-07-02 21:38:51,283 - INFO - Memulai preprocessing untuk file: 315_AUDIO.wav
2026-07-02 21:38:55,124 - INFO - Berhasil memproses 315_AUDIO.wav. Durasi: 975.40s -> 472.25s (Speech ratio: 48.5%)
2026-07-02 21:38:55,212 - INFO - Memulai preprocessing untuk file: 316_AUDIO.wav
2026-07-02 21:38:57,135 - INFO - Berhasil memproses 316_AUDIO.wav. Durasi: 869.00s -> 202.46s (Speech ratio: 23.7%)
2026-07-02 21:38:57,183 - INFO - Memulai preprocessing untuk file: 317_AUDIO.wav
2026-07-02 21:38:59,247 - INFO - Berhasil memproses 317_AUDIO.wav. Durasi: 804.90s -> 242.18s (Speech ratio: 30.1%)
2026-07-02 21:38:59,320 - INFO - Memulai preprocessing untuk file: 318_AUDIO.wav
2026-07-02 21:39:01,318 - INFO - Berhasil memproses 318_AUDIO.wav. Durasi: 588.40s -> 216.80s (Speech ratio: 39.0%)
2026-07-02 21:39:01,361 - INFO - Memulai preprocessing untuk file: 319_AUDIO.wav
2026-07-02 21:39:03,169 - INFO - Berhasil memproses 319_AUDIO.wav. Durasi: 679.70s -> 222.82s (Speech ratio: 33.0%)
2026-07-02 21:39:03,210 - INFO - Memulai preprocessing untuk file: 320_AUDIO.wav
2026-07-02 21:39:05,251 - INFO - Berhasil memproses 320_AUDIO.wav. Durasi: 840.70s -> 247.39s (Speech ratio: 29.6%)
2026-07-02 21:39:05,336 - INFO - Memulai preprocessing untuk file: 321_AUDIO.wav
2026-07-02 21:39:07,853 - INFO - Berhasil memproses 321_AUDIO.wav. Durasi: 821.90s -> 286.69s (Speech ratio: 35.3%)
2026-07-02 21:39:07,924 - INFO - Memulai preprocessing untuk file: 322_AUDIO.wav
2026-07-02 21:39:11,673 - INFO - Berhasil memproses 322_AUDIO.wav. Durasi: 1047.10s -> 477.12s (Speech ratio: 45.6%)
2026-07-02 21:39:11,784 - INFO - Memulai preprocessing untuk file: 323_AUDIO.wav
2026-07-02 21:39:14,903 - INFO - Berhasil memproses 323_AUDIO.wav. Durasi: 837.00s -> 385.06s (Speech ratio: 46.0%)
2026-07-02 21:39:15,138 - INFO - Memulai preprocessing untuk file: 324_AUDIO.wav
2026-07-02 21:39:17,518 - INFO - Berhasil memproses 324_AUDIO.wav. Durasi: 721.30s -> 274.75s (Speech ratio: 38.1%)
2026-07-02 21:39:17,740 - INFO - Memulai preprocessing untuk file: 325_AUDIO.wav
2026-07-02 21:39:21,972 - INFO - Berhasil memproses 325_AUDIO.wav. Durasi: 875.00s -> 514.50s (Speech ratio: 58.8%)
2026-07-02 21:39:22,067 - INFO - Memulai preprocessing untuk file: 326_AUDIO.wav
2026-07-02 21:39:23,595 - INFO - Berhasil memproses 326_AUDIO.wav. Durasi: 699.20s -> 168.51s (Speech ratio: 24.1%)
2026-07-02 21:39:23,632 - INFO - Memulai preprocessing untuk file: 327_AUDIO.wav
2026-07-02 21:39:26,012 - INFO - Berhasil memproses 327_AUDIO.wav. Durasi: 680.80s -> 266.53s (Speech ratio: 39.2%)
2026-07-02 21:39:26,066 - INFO - Memulai preprocessing untuk file: 328_AUDIO.wav
2026-07-02 21:39:31,963 - INFO - Berhasil memproses 328_AUDIO.wav. Durasi: 1065.20s -> 664.16s (Speech ratio: 62.4%)
2026-07-02 21:39:32,083 - INFO - Memulai preprocessing untuk file: 329_AUDIO.wav
2026-07-02 21:39:35,288 - INFO - Berhasil memproses 329_AUDIO.wav. Durasi: 706.30s -> 375.07s (Speech ratio: 53.1%)
2026-07-02 21:39:35,357 - INFO - Memulai preprocessing untuk file: 330_AUDIO.wav
2026-07-02 21:39:37,172 - INFO - Berhasil memproses 330_AUDIO.wav. Durasi: 771.50s -> 191.42s (Speech ratio: 24.9%)
2026-07-02 21:39:37,212 - INFO - Memulai preprocessing untuk file: 331_AUDIO.wav
2026-07-02 21:39:40,523 - INFO - Berhasil memproses 331_AUDIO.wav. Durasi: 850.70s -> 402.62s (Speech ratio: 47.3%)
2026-07-02 21:39:40,597 - INFO - Memulai preprocessing untuk file: 332_AUDIO.wav
2026-07-02 21:39:43,292 - INFO - Berhasil memproses 332_AUDIO.wav. Durasi: 874.10s -> 297.02s (Speech ratio: 34.2%)
2026-07-02 21:39:43,348 - INFO - Memulai preprocessing untuk file: 333_AUDIO.wav
2026-07-02 21:39:47,190 - INFO - Berhasil memproses 333_AUDIO.wav. Durasi: 969.30s -> 413.18s (Speech ratio: 42.6%)
2026-07-02 21:39:47,261 - INFO - Memulai preprocessing untuk file: 334_AUDIO.wav
2026-07-02 21:39:51,195 - INFO - Berhasil memproses 334_AUDIO.wav. Durasi: 980.00s -> 441.67s (Speech ratio: 45.1%)
2026-07-02 21:39:51,313 - INFO - Memulai preprocessing untuk file: 335_AUDIO.wav
2026-07-02 21:39:55,007 - INFO - Berhasil memproses 335_AUDIO.wav. Durasi: 830.10s -> 430.91s (Speech ratio: 51.9%)
2026-07-02 21:39:55,203 - INFO - Memulai preprocessing untuk file: 336_AUDIO.wav
2026-07-02 21:39:58,781 - INFO - Berhasil memproses 336_AUDIO.wav. Durasi: 944.50s -> 385.47s (Speech ratio: 40.8%)
2026-07-02 21:39:58,854 - INFO - Memulai preprocessing untuk file: 337_AUDIO.wav
2026-07-02 21:40:09,862 - INFO - Berhasil memproses 337_AUDIO.wav. Durasi: 1871.20s -> 1282.78s (Speech ratio: 68.6%)
2026-07-02 21:40:10,100 - INFO - Memulai preprocessing untuk file: 338_AUDIO.wav
2026-07-02 21:40:12,501 - INFO - Berhasil memproses 338_AUDIO.wav. Durasi: 596.80s -> 279.62s (Speech ratio: 46.9%)
2026-07-02 21:40:12,560 - INFO - Memulai preprocessing untuk file: 339_AUDIO.wav
2026-07-02 21:40:16,119 - INFO - Berhasil memproses 339_AUDIO.wav. Durasi: 862.90s -> 419.02s (Speech ratio: 48.6%)
2026-07-02 21:40:16,191 - INFO - Memulai preprocessing untuk file: 340_AUDIO.wav
2026-07-02 21:40:17,816 - INFO - Berhasil memproses 340_AUDIO.wav. Durasi: 599.30s -> 171.30s (Speech ratio: 28.6%)
2026-07-02 21:40:17,860 - INFO - Memulai preprocessing untuk file: 341_AUDIO.wav
2026-07-02 21:40:21,022 - INFO - Berhasil memproses 341_AUDIO.wav. Durasi: 867.50s -> 383.04s (Speech ratio: 44.4%)
2026-07-02 21:40:21,085 - INFO - Memulai preprocessing untuk file: 343_AUDIO.wav
2026-07-02 21:40:23,348 - INFO - Berhasil memproses 343_AUDIO.wav. Durasi: 927.30s -> 236.99s (Speech ratio: 25.6%)
2026-07-02 21:40:23,396 - INFO - Memulai preprocessing untuk file: 344_AUDIO.wav
2026-07-02 21:40:28,251 - INFO - Berhasil memproses 344_AUDIO.wav. Durasi: 1090.50s -> 604.19s (Speech ratio: 55.4%)
2026-07-02 21:40:28,359 - INFO - Memulai preprocessing untuk file: 345_AUDIO.wav
2026-07-02 21:40:32,046 - INFO - Berhasil memproses 345_AUDIO.wav. Durasi: 793.90s -> 480.93s (Speech ratio: 60.6%)
2026-07-02 21:40:32,160 - INFO - Memulai preprocessing untuk file: 346_AUDIO.wav
2026-07-02 21:40:37,368 - INFO - Berhasil memproses 346_AUDIO.wav. Durasi: 1221.80s -> 653.09s (Speech ratio: 53.5%)
2026-07-02 21:40:37,494 - INFO - Memulai preprocessing untuk file: 347_AUDIO.wav
2026-07-02 21:40:38,753 - INFO - Berhasil memproses 347_AUDIO.wav. Durasi: 611.60s -> 127.90s (Speech ratio: 20.9%)
2026-07-02 21:40:38,790 - INFO - Memulai preprocessing untuk file: 348_AUDIO.wav
2026-07-02 21:40:41,083 - INFO - Berhasil memproses 348_AUDIO.wav. Durasi: 719.40s -> 296.45s (Speech ratio: 41.2%)
2026-07-02 21:40:41,135 - INFO - Memulai preprocessing untuk file: 349_AUDIO.wav
2026-07-02 21:40:45,401 - INFO - Berhasil memproses 349_AUDIO.wav. Durasi: 1216.00s -> 514.75s (Speech ratio: 42.4%)
2026-07-02 21:40:45,489 - INFO - Memulai preprocessing untuk file: 350_AUDIO.wav
2026-07-02 21:40:49,217 - INFO - Berhasil memproses 350_AUDIO.wav. Durasi: 881.80s -> 458.59s (Speech ratio: 52.0%)
2026-07-02 21:40:49,295 - INFO - Memulai preprocessing untuk file: 351_AUDIO.wav
2026-07-02 21:40:52,337 - INFO - Berhasil memproses 351_AUDIO.wav. Durasi: 769.60s -> 406.18s (Speech ratio: 52.9%)
2026-07-02 21:40:52,406 - INFO - Memulai preprocessing untuk file: 352_AUDIO.wav
2026-07-02 21:40:56,929 - INFO - Berhasil memproses 352_AUDIO.wav. Durasi: 760.10s -> 493.41s (Speech ratio: 65.7%)
2026-07-02 21:40:57,014 - INFO - Memulai preprocessing untuk file: 353_AUDIO.wav
2026-07-02 21:41:00,946 - INFO - Berhasil memproses 353_AUDIO.wav. Durasi: 786.00s -> 415.04s (Speech ratio: 52.8%)
2026-07-02 21:41:01,014 - INFO - Memulai preprocessing untuk file: 354_AUDIO.wav
2026-07-02 21:41:02,220 - INFO - Berhasil memproses 354_AUDIO.wav. Durasi: 576.80s -> 146.30s (Speech ratio: 25.4%)
2026-07-02 21:41:02,254 - INFO - Memulai preprocessing untuk file: 355_AUDIO.wav
2026-07-02 21:41:04,967 - INFO - Berhasil memproses 355_AUDIO.wav. Durasi: 674.70s -> 332.32s (Speech ratio: 49.3%)
2026-07-02 21:41:05,026 - INFO - Memulai preprocessing untuk file: 356_AUDIO.wav
2026-07-02 21:41:09,866 - INFO - Berhasil memproses 356_AUDIO.wav. Durasi: 954.00s -> 527.71s (Speech ratio: 55.3%)
2026-07-02 21:41:09,996 - INFO - Memulai preprocessing untuk file: 357_AUDIO.wav
2026-07-02 21:41:11,181 - INFO - Berhasil memproses 357_AUDIO.wav. Durasi: 414.80s -> 133.94s (Speech ratio: 32.3%)
2026-07-02 21:41:11,210 - INFO - Memulai preprocessing untuk file: 358_AUDIO.wav
2026-07-02 21:41:13,284 - INFO - Berhasil memproses 358_AUDIO.wav. Durasi: 647.90s -> 238.24s (Speech ratio: 36.8%)
2026-07-02 21:41:13,329 - INFO - Memulai preprocessing untuk file: 359_AUDIO.wav
2026-07-02 21:41:18,975 - INFO - Berhasil memproses 359_AUDIO.wav. Durasi: 1033.60s -> 603.46s (Speech ratio: 58.4%)
2026-07-02 21:41:19,076 - INFO - Memulai preprocessing untuk file: 360_AUDIO.wav
2026-07-02 21:41:20,965 - INFO - Berhasil memproses 360_AUDIO.wav. Durasi: 440.40s -> 202.85s (Speech ratio: 46.1%)
2026-07-02 21:41:21,010 - INFO - Memulai preprocessing untuk file: 361_AUDIO.wav
2026-07-02 21:41:24,264 - INFO - Berhasil memproses 361_AUDIO.wav. Durasi: 641.90s -> 381.18s (Speech ratio: 59.4%)
2026-07-02 21:41:24,329 - INFO - Memulai preprocessing untuk file: 362_AUDIO.wav
2026-07-02 21:41:26,733 - INFO - Berhasil memproses 362_AUDIO.wav. Durasi: 590.20s -> 263.78s (Speech ratio: 45.3%)
2026-07-02 21:41:26,782 - INFO - Memulai preprocessing untuk file: 363_AUDIO.wav
2026-07-02 21:41:32,758 - INFO - Berhasil memproses 363_AUDIO.wav. Durasi: 1227.10s -> 708.32s (Speech ratio: 57.8%)
2026-07-02 21:41:32,895 - INFO - Memulai preprocessing untuk file: 364_AUDIO.wav
2026-07-02 21:41:43,039 - INFO - Berhasil memproses 364_AUDIO.wav. Durasi: 1781.50s -> 1173.79s (Speech ratio: 66.0%)
2026-07-02 21:41:43,232 - INFO - Memulai preprocessing untuk file: 365_AUDIO.wav
2026-07-02 21:41:48,372 - INFO - Berhasil memproses 365_AUDIO.wav. Durasi: 1386.10s -> 605.88s (Speech ratio: 43.7%)
2026-07-02 21:41:48,484 - INFO - Memulai preprocessing untuk file: 366_AUDIO.wav
2026-07-02 21:41:54,794 - INFO - Berhasil memproses 366_AUDIO.wav. Durasi: 1312.70s -> 780.58s (Speech ratio: 59.5%)
2026-07-02 21:41:54,969 - INFO - Memulai preprocessing untuk file: 367_AUDIO.wav
2026-07-02 21:42:03,150 - INFO - Berhasil memproses 367_AUDIO.wav. Durasi: 1637.00s -> 986.82s (Speech ratio: 60.3%)
2026-07-02 21:42:03,318 - INFO - Memulai preprocessing untuk file: 368_AUDIO.wav
2026-07-02 21:42:10,798 - INFO - Berhasil memproses 368_AUDIO.wav. Durasi: 1354.80s -> 909.88s (Speech ratio: 67.3%)
2026-07-02 21:42:10,986 - INFO - Memulai preprocessing untuk file: 369_AUDIO.wav
2026-07-02 21:42:16,857 - INFO - Berhasil memproses 369_AUDIO.wav. Durasi: 1041.10s -> 730.59s (Speech ratio: 70.4%)
2026-07-02 21:42:16,983 - INFO - Memulai preprocessing untuk file: 370_AUDIO.wav
2026-07-02 21:42:23,443 - INFO - Berhasil memproses 370_AUDIO.wav. Durasi: 1208.60s -> 789.02s (Speech ratio: 65.4%)
2026-07-02 21:42:23,565 - INFO - Memulai preprocessing untuk file: 371_AUDIO.wav
2026-07-02 21:42:25,708 - INFO - Berhasil memproses 371_AUDIO.wav. Durasi: 911.70s -> 252.26s (Speech ratio: 27.8%)
2026-07-02 21:42:25,757 - INFO - Memulai preprocessing untuk file: 372_AUDIO.wav
2026-07-02 21:42:31,471 - INFO - Berhasil memproses 372_AUDIO.wav. Durasi: 1513.70s -> 705.73s (Speech ratio: 46.7%)
2026-07-02 21:42:31,628 - INFO - Memulai preprocessing untuk file: 373_AUDIO.wav
2026-07-02 21:42:38,784 - INFO - Berhasil memproses 373_AUDIO.wav. Durasi: 1265.10s -> 845.60s (Speech ratio: 66.9%)
2026-07-02 21:42:38,933 - INFO - Memulai preprocessing untuk file: 374_AUDIO.wav
2026-07-02 21:42:45,357 - INFO - Berhasil memproses 374_AUDIO.wav. Durasi: 1287.70s -> 759.97s (Speech ratio: 59.1%)
2026-07-02 21:42:45,530 - INFO - Memulai preprocessing untuk file: 375_AUDIO.wav
2026-07-02 21:42:46,783 - INFO - Berhasil memproses 375_AUDIO.wav. Durasi: 621.20s -> 134.40s (Speech ratio: 21.8%)
2026-07-02 21:42:46,817 - INFO - Memulai preprocessing untuk file: 376_AUDIO.wav
2026-07-02 21:42:51,071 - INFO - Berhasil memproses 376_AUDIO.wav. Durasi: 1025.70s -> 529.34s (Speech ratio: 51.7%)
2026-07-02 21:42:51,160 - INFO - Memulai preprocessing untuk file: 377_AUDIO.wav
2026-07-02 21:42:57,865 - INFO - Berhasil memproses 377_AUDIO.wav. Durasi: 1328.30s -> 803.77s (Speech ratio: 60.5%)
2026-07-02 21:42:58,020 - INFO - Memulai preprocessing untuk file: 378_AUDIO.wav
2026-07-02 21:43:01,796 - INFO - Berhasil memproses 378_AUDIO.wav. Durasi: 873.40s -> 412.41s (Speech ratio: 47.3%)
2026-07-02 21:43:01,872 - INFO - Memulai preprocessing untuk file: 379_AUDIO.wav
2026-07-02 21:43:06,760 - INFO - Berhasil memproses 379_AUDIO.wav. Durasi: 1002.10s -> 611.71s (Speech ratio: 61.1%)
2026-07-02 21:43:06,862 - INFO - Memulai preprocessing untuk file: 380_AUDIO.wav
2026-07-02 21:43:17,363 - INFO - Berhasil memproses 380_AUDIO.wav. Durasi: 1966.20s -> 1212.80s (Speech ratio: 61.8%)
2026-07-02 21:43:17,599 - INFO - Memulai preprocessing untuk file: 381_AUDIO.wav
2026-07-02 21:43:21,393 - INFO - Berhasil memproses 381_AUDIO.wav. Durasi: 1089.30s -> 461.70s (Speech ratio: 42.5%)
2026-07-02 21:43:21,594 - INFO - Memulai preprocessing untuk file: 382_AUDIO.wav
2026-07-02 21:43:23,976 - INFO - Berhasil memproses 382_AUDIO.wav. Durasi: 824.20s -> 295.65s (Speech ratio: 35.9%)
2026-07-02 21:43:24,201 - INFO - Memulai preprocessing untuk file: 383_AUDIO.wav
2026-07-02 21:43:31,060 - INFO - Berhasil memproses 383_AUDIO.wav. Durasi: 1369.10s -> 891.42s (Speech ratio: 65.1%)
2026-07-02 21:43:31,202 - INFO - Memulai preprocessing untuk file: 384_AUDIO.wav
2026-07-02 21:43:34,711 - INFO - Berhasil memproses 384_AUDIO.wav. Durasi: 1056.80s -> 429.60s (Speech ratio: 40.8%)
2026-07-02 21:43:34,794 - INFO - Memulai preprocessing untuk file: 385_AUDIO.wav
2026-07-02 21:43:35,679 - INFO - Berhasil memproses 385_AUDIO.wav. Durasi: 536.30s -> 61.89s (Speech ratio: 11.6%)
2026-07-02 21:43:35,703 - INFO - Memulai preprocessing untuk file: 386_AUDIO.wav
2026-07-02 21:43:40,815 - INFO - Berhasil memproses 386_AUDIO.wav. Durasi: 1039.40s -> 649.76s (Speech ratio: 62.6%)
2026-07-02 21:43:40,916 - INFO - Memulai preprocessing untuk file: 387_AUDIO.wav
2026-07-02 21:43:42,527 - INFO - Berhasil memproses 387_AUDIO.wav. Durasi: 602.80s -> 166.94s (Speech ratio: 27.9%)
2026-07-02 21:43:42,570 - INFO - Memulai preprocessing untuk file: 388_AUDIO.wav
2026-07-02 21:43:44,152 - INFO - Berhasil memproses 388_AUDIO.wav. Durasi: 831.20s -> 149.86s (Speech ratio: 18.6%)
2026-07-02 21:43:44,186 - INFO - Memulai preprocessing untuk file: 389_AUDIO.wav
2026-07-02 21:43:46,299 - INFO - Berhasil memproses 389_AUDIO.wav. Durasi: 953.20s -> 223.87s (Speech ratio: 23.6%)
2026-07-02 21:43:46,347 - INFO - Memulai preprocessing untuk file: 390_AUDIO.wav
2026-07-02 21:43:51,776 - INFO - Berhasil memproses 390_AUDIO.wav. Durasi: 1356.70s -> 631.23s (Speech ratio: 46.6%)
2026-07-02 21:43:51,920 - INFO - Memulai preprocessing untuk file: 391_AUDIO.wav
2026-07-02 21:43:53,740 - INFO - Berhasil memproses 391_AUDIO.wav. Durasi: 680.10s -> 211.58s (Speech ratio: 31.3%)
2026-07-02 21:43:53,780 - INFO - Memulai preprocessing untuk file: 392_AUDIO.wav
2026-07-02 21:43:55,635 - INFO - Berhasil memproses 392_AUDIO.wav. Durasi: 655.70s -> 216.19s (Speech ratio: 33.0%)
2026-07-02 21:43:55,676 - INFO - Memulai preprocessing untuk file: 393_AUDIO.wav
2026-07-02 21:43:57,518 - INFO - Berhasil memproses 393_AUDIO.wav. Durasi: 630.00s -> 205.85s (Speech ratio: 32.7%)
2026-07-02 21:43:57,556 - INFO - Memulai preprocessing untuk file: 395_AUDIO.wav
2026-07-02 21:44:01,080 - INFO - Berhasil memproses 395_AUDIO.wav. Durasi: 889.20s -> 430.92s (Speech ratio: 48.5%)
2026-07-02 21:44:01,169 - INFO - Memulai preprocessing untuk file: 396_AUDIO.wav
2026-07-02 21:44:04,026 - INFO - Berhasil memproses 396_AUDIO.wav. Durasi: 780.40s -> 308.70s (Speech ratio: 39.7%)
2026-07-02 21:44:04,090 - INFO - Memulai preprocessing untuk file: 397_AUDIO.wav
2026-07-02 21:44:08,128 - INFO - Berhasil memproses 397_AUDIO.wav. Durasi: 953.30s -> 442.62s (Speech ratio: 46.5%)
2026-07-02 21:44:08,216 - INFO - Memulai preprocessing untuk file: 399_AUDIO.wav
2026-07-02 21:44:11,048 - INFO - Berhasil memproses 399_AUDIO.wav. Durasi: 734.00s -> 336.26s (Speech ratio: 45.9%)
2026-07-02 21:44:11,115 - INFO - Memulai preprocessing untuk file: 400_AUDIO.wav
2026-07-02 21:44:14,613 - INFO - Berhasil memproses 400_AUDIO.wav. Durasi: 936.70s -> 410.94s (Speech ratio: 44.0%)
2026-07-02 21:44:14,691 - INFO - Memulai preprocessing untuk file: 401_AUDIO.wav
2026-07-02 21:44:18,604 - INFO - Berhasil memproses 401_AUDIO.wav. Durasi: 934.20s -> 421.50s (Speech ratio: 45.1%)
2026-07-02 21:44:18,687 - INFO - Memulai preprocessing untuk file: 402_AUDIO.wav
2026-07-02 21:44:22,426 - INFO - Berhasil memproses 402_AUDIO.wav. Durasi: 955.50s -> 446.27s (Speech ratio: 46.8%)
2026-07-02 21:44:22,509 - INFO - Memulai preprocessing untuk file: 403_AUDIO.wav
2026-07-02 21:44:26,103 - INFO - Berhasil memproses 403_AUDIO.wav. Durasi: 862.50s -> 441.34s (Speech ratio: 51.4%)
2026-07-02 21:44:26,199 - INFO - Memulai preprocessing untuk file: 404_AUDIO.wav
2026-07-02 21:44:30,498 - INFO - Berhasil memproses 404_AUDIO.wav. Durasi: 1130.60s -> 479.90s (Speech ratio: 42.5%)
2026-07-02 21:44:30,625 - INFO - Memulai preprocessing untuk file: 405_AUDIO.wav
2026-07-02 21:44:38,535 - INFO - Berhasil memproses 405_AUDIO.wav. Durasi: 1570.20s -> 852.42s (Speech ratio: 54.4%)
2026-07-02 21:44:38,694 - INFO - Memulai preprocessing untuk file: 406_AUDIO.wav
2026-07-02 21:44:41,828 - INFO - Berhasil memproses 406_AUDIO.wav. Durasi: 721.80s -> 303.52s (Speech ratio: 42.3%)
2026-07-02 21:44:41,889 - INFO - Memulai preprocessing untuk file: 407_AUDIO.wav
2026-07-02 21:44:49,734 - INFO - Berhasil memproses 407_AUDIO.wav. Durasi: 1252.40s -> 824.03s (Speech ratio: 65.9%)
2026-07-02 21:44:49,880 - INFO - Memulai preprocessing untuk file: 408_AUDIO.wav
2026-07-02 21:44:52,589 - INFO - Berhasil memproses 408_AUDIO.wav. Durasi: 715.90s -> 320.83s (Speech ratio: 44.9%)
2026-07-02 21:44:52,647 - INFO - Memulai preprocessing untuk file: 409_AUDIO.wav
2026-07-02 21:44:57,528 - INFO - Berhasil memproses 409_AUDIO.wav. Durasi: 1032.40s -> 578.24s (Speech ratio: 56.0%)
2026-07-02 21:44:57,633 - INFO - Memulai preprocessing untuk file: 410_AUDIO.wav
2026-07-02 21:45:02,633 - INFO - Berhasil memproses 410_AUDIO.wav. Durasi: 1065.00s -> 550.46s (Speech ratio: 51.7%)
2026-07-02 21:45:02,736 - INFO - Memulai preprocessing untuk file: 411_AUDIO.wav
2026-07-02 21:45:11,035 - INFO - Berhasil memproses 411_AUDIO.wav. Durasi: 1382.90s -> 905.96s (Speech ratio: 65.6%)
2026-07-02 21:45:11,211 - INFO - Memulai preprocessing untuk file: 412_AUDIO.wav
2026-07-02 21:45:14,260 - INFO - Berhasil memproses 412_AUDIO.wav. Durasi: 856.90s -> 329.50s (Speech ratio: 38.6%)
2026-07-02 21:45:14,373 - INFO - Memulai preprocessing untuk file: 413_AUDIO.wav
2026-07-02 21:45:19,051 - INFO - Berhasil memproses 413_AUDIO.wav. Durasi: 996.80s -> 517.34s (Speech ratio: 52.0%)
2026-07-02 21:45:19,161 - INFO - Memulai preprocessing untuk file: 414_AUDIO.wav
2026-07-02 21:45:23,616 - INFO - Berhasil memproses 414_AUDIO.wav. Durasi: 984.30s -> 521.60s (Speech ratio: 53.1%)
2026-07-02 21:45:23,704 - INFO - Memulai preprocessing untuk file: 415_AUDIO.wav
2026-07-02 21:45:26,651 - INFO - Berhasil memproses 415_AUDIO.wav. Durasi: 780.70s -> 349.73s (Speech ratio: 45.0%)
2026-07-02 21:45:26,720 - INFO - Memulai preprocessing untuk file: 416_AUDIO.wav
2026-07-02 21:45:30,387 - INFO - Berhasil memproses 416_AUDIO.wav. Durasi: 865.80s -> 432.48s (Speech ratio: 50.0%)
2026-07-02 21:45:30,468 - INFO - Memulai preprocessing untuk file: 417_AUDIO.wav
2026-07-02 21:45:34,284 - INFO - Berhasil memproses 417_AUDIO.wav. Durasi: 886.30s -> 439.10s (Speech ratio: 49.6%)
2026-07-02 21:45:34,363 - INFO - Memulai preprocessing untuk file: 418_AUDIO.wav
2026-07-02 21:45:39,594 - INFO - Berhasil memproses 418_AUDIO.wav. Durasi: 1089.20s -> 586.82s (Speech ratio: 53.9%)
2026-07-02 21:45:39,706 - INFO - Memulai preprocessing untuk file: 419_AUDIO.wav
2026-07-02 21:45:44,391 - INFO - Berhasil memproses 419_AUDIO.wav. Durasi: 906.30s -> 560.92s (Speech ratio: 61.9%)
2026-07-02 21:45:44,493 - INFO - Memulai preprocessing untuk file: 420_AUDIO.wav
2026-07-02 21:45:48,015 - INFO - Berhasil memproses 420_AUDIO.wav. Durasi: 1048.90s -> 382.75s (Speech ratio: 36.6%)
2026-07-02 21:45:48,088 - INFO - Memulai preprocessing untuk file: 421_AUDIO.wav
2026-07-02 21:45:51,418 - INFO - Berhasil memproses 421_AUDIO.wav. Durasi: 837.00s -> 378.69s (Speech ratio: 45.3%)
2026-07-02 21:45:51,495 - INFO - Memulai preprocessing untuk file: 422_AUDIO.wav
2026-07-02 21:45:58,144 - INFO - Berhasil memproses 422_AUDIO.wav. Durasi: 1334.60s -> 750.34s (Speech ratio: 56.2%)
2026-07-02 21:45:58,326 - INFO - Memulai preprocessing untuk file: 423_AUDIO.wav
2026-07-02 21:46:02,010 - INFO - Berhasil memproses 423_AUDIO.wav. Durasi: 995.90s -> 431.87s (Speech ratio: 43.5%)
2026-07-02 21:46:02,131 - INFO - Memulai preprocessing untuk file: 424_AUDIO.wav
2026-07-02 21:46:08,180 - INFO - Berhasil memproses 424_AUDIO.wav. Durasi: 1062.70s -> 719.01s (Speech ratio: 67.7%)
2026-07-02 21:46:08,311 - INFO - Memulai preprocessing untuk file: 425_AUDIO.wav
2026-07-02 21:46:13,315 - INFO - Berhasil memproses 425_AUDIO.wav. Durasi: 1154.80s -> 613.49s (Speech ratio: 53.1%)
2026-07-02 21:46:13,425 - INFO - Memulai preprocessing untuk file: 426_AUDIO.wav
2026-07-02 21:46:16,307 - INFO - Berhasil memproses 426_AUDIO.wav. Durasi: 856.80s -> 340.63s (Speech ratio: 39.8%)
2026-07-02 21:46:16,374 - INFO - Memulai preprocessing untuk file: 427_AUDIO.wav
2026-07-02 21:46:19,152 - INFO - Berhasil memproses 427_AUDIO.wav. Durasi: 871.80s -> 320.70s (Speech ratio: 37.0%)
2026-07-02 21:46:19,214 - INFO - Memulai preprocessing untuk file: 428_AUDIO.wav
2026-07-02 21:46:21,275 - INFO - Berhasil memproses 428_AUDIO.wav. Durasi: 704.10s -> 247.26s (Speech ratio: 35.4%)
2026-07-02 21:46:21,326 - INFO - Memulai preprocessing untuk file: 429_AUDIO.wav
2026-07-02 21:46:24,755 - INFO - Berhasil memproses 429_AUDIO.wav. Durasi: 957.50s -> 409.89s (Speech ratio: 42.9%)
2026-07-02 21:46:24,832 - INFO - Memulai preprocessing untuk file: 430_AUDIO.wav
2026-07-02 21:46:28,203 - INFO - Berhasil memproses 430_AUDIO.wav. Durasi: 908.80s -> 399.87s (Speech ratio: 44.1%)
2026-07-02 21:46:28,277 - INFO - Memulai preprocessing untuk file: 431_AUDIO.wav
2026-07-02 21:46:31,458 - INFO - Berhasil memproses 431_AUDIO.wav. Durasi: 833.80s -> 350.30s (Speech ratio: 42.0%)
2026-07-02 21:46:31,520 - INFO - Memulai preprocessing untuk file: 432_AUDIO.wav
2026-07-02 21:46:34,854 - INFO - Berhasil memproses 432_AUDIO.wav. Durasi: 935.90s -> 385.31s (Speech ratio: 41.2%)
2026-07-02 21:46:34,959 - INFO - Memulai preprocessing untuk file: 433_AUDIO.wav
2026-07-02 21:46:37,424 - INFO - Berhasil memproses 433_AUDIO.wav. Durasi: 801.90s -> 295.36s (Speech ratio: 36.9%)
2026-07-02 21:46:37,479 - INFO - Memulai preprocessing untuk file: 434_AUDIO.wav
2026-07-02 21:46:44,537 - INFO - Berhasil memproses 434_AUDIO.wav. Durasi: 1319.90s -> 812.93s (Speech ratio: 61.7%)
2026-07-02 21:46:44,680 - INFO - Memulai preprocessing untuk file: 435_AUDIO.wav
2026-07-02 21:46:48,917 - INFO - Berhasil memproses 435_AUDIO.wav. Durasi: 1185.00s -> 502.51s (Speech ratio: 42.5%)
2026-07-02 21:46:49,050 - INFO - Memulai preprocessing untuk file: 436_AUDIO.wav
2026-07-02 21:46:51,903 - INFO - Berhasil memproses 436_AUDIO.wav. Durasi: 687.90s -> 329.33s (Speech ratio: 47.9%)
2026-07-02 21:46:51,967 - INFO - Memulai preprocessing untuk file: 437_AUDIO.wav
2026-07-02 21:46:55,870 - INFO - Berhasil memproses 437_AUDIO.wav. Durasi: 849.60s -> 440.99s (Speech ratio: 51.9%)
2026-07-02 21:46:55,954 - INFO - Memulai preprocessing untuk file: 438_AUDIO.wav
2026-07-02 21:47:04,999 - INFO - Berhasil memproses 438_AUDIO.wav. Durasi: 1429.90s -> 1034.98s (Speech ratio: 72.4%)
2026-07-02 21:47:05,165 - INFO - Memulai preprocessing untuk file: 439_AUDIO.wav
2026-07-02 21:47:12,680 - INFO - Berhasil memproses 439_AUDIO.wav. Durasi: 1284.60s -> 911.81s (Speech ratio: 71.0%)
2026-07-02 21:47:12,838 - INFO - Memulai preprocessing untuk file: 440_AUDIO.wav
2026-07-02 21:47:18,157 - INFO - Berhasil memproses 440_AUDIO.wav. Durasi: 1414.10s -> 642.82s (Speech ratio: 45.5%)
2026-07-02 21:47:18,316 - INFO - Memulai preprocessing untuk file: 441_AUDIO.wav
2026-07-02 21:47:20,761 - INFO - Berhasil memproses 441_AUDIO.wav. Durasi: 971.30s -> 284.83s (Speech ratio: 29.3%)
2026-07-02 21:47:20,937 - INFO - Memulai preprocessing untuk file: 442_AUDIO.wav
2026-07-02 21:47:24,720 - INFO - Berhasil memproses 442_AUDIO.wav. Durasi: 950.00s -> 465.47s (Speech ratio: 49.1%)
2026-07-02 21:47:25,040 - INFO - Memulai preprocessing untuk file: 443_AUDIO.wav
2026-07-02 21:47:26,861 - INFO - Berhasil memproses 443_AUDIO.wav. Durasi: 701.30s -> 200.96s (Speech ratio: 28.8%)
2026-07-02 21:47:26,909 - INFO - Memulai preprocessing untuk file: 444_AUDIO.wav
2026-07-02 21:47:33,905 - INFO - Berhasil memproses 444_AUDIO.wav. Durasi: 1310.50s -> 840.29s (Speech ratio: 64.2%)
2026-07-02 21:47:34,050 - INFO - Memulai preprocessing untuk file: 445_AUDIO.wav
2026-07-02 21:47:36,784 - INFO - Berhasil memproses 445_AUDIO.wav. Durasi: 709.60s -> 310.29s (Speech ratio: 43.7%)
2026-07-02 21:47:36,844 - INFO - Memulai preprocessing untuk file: 446_AUDIO.wav
2026-07-02 21:47:41,539 - INFO - Berhasil memproses 446_AUDIO.wav. Durasi: 998.40s -> 578.52s (Speech ratio: 57.9%)
2026-07-02 21:47:41,637 - INFO - Memulai preprocessing untuk file: 447_AUDIO.wav
2026-07-02 21:47:45,200 - INFO - Berhasil memproses 447_AUDIO.wav. Durasi: 820.30s -> 442.34s (Speech ratio: 54.0%)
2026-07-02 21:47:45,276 - INFO - Memulai preprocessing untuk file: 448_AUDIO.wav
2026-07-02 21:47:52,561 - INFO - Berhasil memproses 448_AUDIO.wav. Durasi: 1213.00s -> 793.89s (Speech ratio: 65.5%)
2026-07-02 21:47:52,710 - INFO - Memulai preprocessing untuk file: 449_AUDIO.wav
2026-07-02 21:47:58,711 - INFO - Berhasil memproses 449_AUDIO.wav. Durasi: 1029.70s -> 724.54s (Speech ratio: 70.4%)
2026-07-02 21:47:58,873 - INFO - Memulai preprocessing untuk file: 450_AUDIO.wav
2026-07-02 21:48:05,281 - INFO - Berhasil memproses 450_AUDIO.wav. Durasi: 1275.20s -> 722.18s (Speech ratio: 56.7%)
2026-07-02 21:48:05,427 - INFO - Memulai preprocessing untuk file: 451_AUDIO.wav
2026-07-02 21:48:10,539 - INFO - Berhasil memproses 451_AUDIO.wav. Durasi: 1188.40s -> 634.82s (Speech ratio: 53.5%)
2026-07-02 21:48:10,657 - INFO - Memulai preprocessing untuk file: 452_AUDIO.wav
2026-07-02 21:48:12,814 - INFO - Berhasil memproses 452_AUDIO.wav. Durasi: 889.10s -> 246.42s (Speech ratio: 27.7%)
2026-07-02 21:48:12,869 - INFO - Memulai preprocessing untuk file: 453_AUDIO.wav
2026-07-02 21:48:16,921 - INFO - Berhasil memproses 453_AUDIO.wav. Durasi: 1032.20s -> 456.54s (Speech ratio: 44.3%)
2026-07-02 21:48:17,016 - INFO - Memulai preprocessing untuk file: 454_AUDIO.wav
2026-07-02 21:48:18,894 - INFO - Berhasil memproses 454_AUDIO.wav. Durasi: 804.10s -> 208.00s (Speech ratio: 25.9%)
2026-07-02 21:48:18,939 - INFO - Memulai preprocessing untuk file: 455_AUDIO.wav
2026-07-02 21:48:22,159 - INFO - Berhasil memproses 455_AUDIO.wav. Durasi: 750.40s -> 384.55s (Speech ratio: 51.2%)
2026-07-02 21:48:22,227 - INFO - Memulai preprocessing untuk file: 456_AUDIO.wav
2026-07-02 21:48:26,226 - INFO - Berhasil memproses 456_AUDIO.wav. Durasi: 882.70s -> 465.89s (Speech ratio: 52.9%)
2026-07-02 21:48:26,310 - INFO - Memulai preprocessing untuk file: 457_AUDIO.wav
2026-07-02 21:48:30,601 - INFO - Berhasil memproses 457_AUDIO.wav. Durasi: 962.30s -> 459.46s (Speech ratio: 47.8%)
2026-07-02 21:48:30,689 - INFO - Memulai preprocessing untuk file: 458_AUDIO.wav
2026-07-02 21:48:35,511 - INFO - Berhasil memproses 458_AUDIO.wav. Durasi: 949.70s -> 546.37s (Speech ratio: 57.7%)
2026-07-02 21:48:35,646 - INFO - Memulai preprocessing untuk file: 459_AUDIO.wav
2026-07-02 21:48:38,777 - INFO - Berhasil memproses 459_AUDIO.wav. Durasi: 975.10s -> 350.21s (Speech ratio: 35.9%)
2026-07-02 21:48:38,991 - INFO - Memulai preprocessing untuk file: 461_AUDIO.wav
2026-07-02 21:48:41,510 - INFO - Berhasil memproses 461_AUDIO.wav. Durasi: 981.50s -> 294.96s (Speech ratio: 30.1%)
2026-07-02 21:48:41,583 - INFO - Memulai preprocessing untuk file: 462_AUDIO.wav
2026-07-02 21:48:46,547 - INFO - Berhasil memproses 462_AUDIO.wav. Durasi: 965.10s -> 582.18s (Speech ratio: 60.4%)
2026-07-02 21:48:46,664 - INFO - Memulai preprocessing untuk file: 463_AUDIO.wav
2026-07-02 21:48:49,950 - INFO - Berhasil memproses 463_AUDIO.wav. Durasi: 834.70s -> 348.75s (Speech ratio: 41.9%)
2026-07-02 21:48:50,020 - INFO - Memulai preprocessing untuk file: 464_AUDIO.wav
2026-07-02 21:48:54,809 - INFO - Berhasil memproses 464_AUDIO.wav. Durasi: 980.30s -> 511.92s (Speech ratio: 52.3%)
2026-07-02 21:48:54,905 - INFO - Memulai preprocessing untuk file: 465_AUDIO.wav
2026-07-02 21:49:00,996 - INFO - Berhasil memproses 465_AUDIO.wav. Durasi: 1163.40s -> 691.97s (Speech ratio: 59.6%)
2026-07-02 21:49:01,131 - INFO - Memulai preprocessing untuk file: 466_AUDIO.wav
2026-07-02 21:49:09,422 - INFO - Berhasil memproses 466_AUDIO.wav. Durasi: 1566.50s -> 910.82s (Speech ratio: 58.2%)
2026-07-02 21:49:09,594 - INFO - Memulai preprocessing untuk file: 467_AUDIO.wav
2026-07-02 21:49:12,591 - INFO - Berhasil memproses 467_AUDIO.wav. Durasi: 1002.40s -> 355.81s (Speech ratio: 35.6%)
2026-07-02 21:49:12,660 - INFO - Memulai preprocessing untuk file: 468_AUDIO.wav
2026-07-02 21:49:16,499 - INFO - Berhasil memproses 468_AUDIO.wav. Durasi: 939.80s -> 483.33s (Speech ratio: 51.5%)
2026-07-02 21:49:16,614 - INFO - Memulai preprocessing untuk file: 469_AUDIO.wav
2026-07-02 21:49:21,685 - INFO - Berhasil memproses 469_AUDIO.wav. Durasi: 1126.60s -> 629.04s (Speech ratio: 55.9%)
2026-07-02 21:49:21,797 - INFO - Memulai preprocessing untuk file: 470_AUDIO.wav
2026-07-02 21:49:25,937 - INFO - Berhasil memproses 470_AUDIO.wav. Durasi: 955.40s -> 492.70s (Speech ratio: 51.7%)
2026-07-02 21:49:26,033 - INFO - Memulai preprocessing untuk file: 471_AUDIO.wav
2026-07-02 21:49:30,931 - INFO - Berhasil memproses 471_AUDIO.wav. Durasi: 995.30s -> 590.50s (Speech ratio: 59.4%)
2026-07-02 21:49:31,046 - INFO - Memulai preprocessing untuk file: 472_AUDIO.wav
2026-07-02 21:49:34,336 - INFO - Berhasil memproses 472_AUDIO.wav. Durasi: 903.00s -> 390.43s (Speech ratio: 43.3%)
2026-07-02 21:49:34,406 - INFO - Memulai preprocessing untuk file: 473_AUDIO.wav
2026-07-02 21:49:35,493 - INFO - Berhasil memproses 473_AUDIO.wav. Durasi: 533.30s -> 94.11s (Speech ratio: 17.7%)
2026-07-02 21:49:35,523 - INFO - Memulai preprocessing untuk file: 474_AUDIO.wav
2026-07-02 21:49:39,441 - INFO - Berhasil memproses 474_AUDIO.wav. Durasi: 927.40s -> 459.55s (Speech ratio: 49.6%)
2026-07-02 21:49:39,530 - INFO - Memulai preprocessing untuk file: 475_AUDIO.wav
2026-07-02 21:49:41,347 - INFO - Berhasil memproses 475_AUDIO.wav. Durasi: 587.20s -> 203.10s (Speech ratio: 34.8%)
2026-07-02 21:49:41,390 - INFO - Memulai preprocessing untuk file: 476_AUDIO.wav
2026-07-02 21:49:43,255 - INFO - Berhasil memproses 476_AUDIO.wav. Durasi: 608.80s -> 195.56s (Speech ratio: 32.1%)
2026-07-02 21:49:43,300 - INFO - Memulai preprocessing untuk file: 477_AUDIO.wav
2026-07-02 21:49:49,947 - INFO - Berhasil memproses 477_AUDIO.wav. Durasi: 1244.70s -> 761.91s (Speech ratio: 61.3%)
2026-07-02 21:49:50,082 - INFO - Memulai preprocessing untuk file: 478_AUDIO.wav
2026-07-02 21:49:53,429 - INFO - Berhasil memproses 478_AUDIO.wav. Durasi: 936.20s -> 402.43s (Speech ratio: 43.1%)
2026-07-02 21:49:53,510 - INFO - Memulai preprocessing untuk file: 479_AUDIO.wav
2026-07-02 21:49:55,861 - INFO - Berhasil memproses 479_AUDIO.wav. Durasi: 910.40s -> 230.10s (Speech ratio: 25.3%)
2026-07-02 21:49:55,914 - INFO - Memulai preprocessing untuk file: 480_AUDIO.wav
2026-07-02 21:49:58,889 - INFO - Berhasil memproses 480_AUDIO.wav. Durasi: 865.70s -> 350.72s (Speech ratio: 40.6%)
2026-07-02 21:49:58,994 - INFO - Memulai preprocessing untuk file: 481_AUDIO.wav
2026-07-02 21:50:04,005 - INFO - Berhasil memproses 481_AUDIO.wav. Durasi: 1116.40s -> 598.40s (Speech ratio: 53.7%)
2026-07-02 21:50:04,109 - INFO - Memulai preprocessing untuk file: 482_AUDIO.wav
2026-07-02 21:50:08,778 - INFO - Berhasil memproses 482_AUDIO.wav. Durasi: 1019.00s -> 504.58s (Speech ratio: 49.6%)
2026-07-02 21:50:08,873 - INFO - Memulai preprocessing untuk file: 483_AUDIO.wav
2026-07-02 21:50:16,173 - INFO - Berhasil memproses 483_AUDIO.wav. Durasi: 1577.00s -> 827.49s (Speech ratio: 52.5%)
2026-07-02 21:50:16,335 - INFO - Memulai preprocessing untuk file: 484_AUDIO.wav
2026-07-02 21:50:20,836 - INFO - Berhasil memproses 484_AUDIO.wav. Durasi: 995.50s -> 549.39s (Speech ratio: 55.2%)
2026-07-02 21:50:20,930 - INFO - Memulai preprocessing untuk file: 485_AUDIO.wav
2026-07-02 21:50:22,787 - INFO - Berhasil memproses 485_AUDIO.wav. Durasi: 602.70s -> 195.33s (Speech ratio: 32.5%)
2026-07-02 21:50:22,827 - INFO - Memulai preprocessing untuk file: 486_AUDIO.wav
2026-07-02 21:50:24,903 - INFO - Berhasil memproses 486_AUDIO.wav. Durasi: 682.30s -> 261.01s (Speech ratio: 38.4%)
2026-07-02 21:50:24,954 - INFO - Memulai preprocessing untuk file: 487_AUDIO.wav
2026-07-02 21:50:29,733 - INFO - Berhasil memproses 487_AUDIO.wav. Durasi: 1023.50s -> 578.27s (Speech ratio: 56.5%)
2026-07-02 21:50:29,830 - INFO - Memulai preprocessing untuk file: 488_AUDIO.wav
2026-07-02 21:50:33,494 - INFO - Berhasil memproses 488_AUDIO.wav. Durasi: 884.90s -> 422.46s (Speech ratio: 47.7%)
2026-07-02 21:50:33,575 - INFO - Memulai preprocessing untuk file: 489_AUDIO.wav
2026-07-02 21:50:35,292 - INFO - Berhasil memproses 489_AUDIO.wav. Durasi: 704.70s -> 167.81s (Speech ratio: 24.0%)
2026-07-02 21:50:35,331 - INFO - Memulai preprocessing untuk file: 490_AUDIO.wav
2026-07-02 21:50:36,900 - INFO - Berhasil memproses 490_AUDIO.wav. Durasi: 691.30s -> 185.86s (Speech ratio: 26.9%)
2026-07-02 21:50:36,942 - INFO - Memulai preprocessing untuk file: 491_AUDIO.wav
2026-07-02 21:50:40,730 - INFO - Berhasil memproses 491_AUDIO.wav. Durasi: 881.70s -> 412.32s (Speech ratio: 46.9%)
2026-07-02 21:50:40,836 - INFO - Memulai preprocessing untuk file: 492_AUDIO.wav
2026-07-02 21:50:45,159 - INFO - Berhasil memproses 492_AUDIO.wav. Durasi: 912.50s -> 476.16s (Speech ratio: 52.2%)
2026-07-02 21:50:45,407 - INFO - === PREPROCESSING STATISTICS SUMMARY ===
2026-07-02 21:50:45,409 - INFO - Jumlah file diproses: 189
2026-07-02 21:50:45,409 - INFO - Berhasil: 189
2026-07-02 21:50:45,410 - INFO - Gagal: 0
2026-07-02 21:50:45,410 - INFO - Rata-rata Durasi Audio Asli: 956.33 detik (~15.94 menit)
2026-07-02 21:50:45,411 - INFO - Rata-rata Durasi Audio Bersih (Hanya Participant): 464.82 detik (~7.75 menit)
2026-07-02 21:50:45,411 - INFO - Rata-rata Speech Ratio Participant: 46.4%
2026-07-02 21:50:45,413 - INFO - Total durasi audio bersih yang siap dipakai: 24.40 jam
2026-07-02 21:50:45,413 - INFO - Log preprocessing disimpan di: d:\repositories\menthealth-ai\data\cleaned\preprocessing_log.csv
2026-07-02 21:50:45,417 - INFO - Pipeline selesai dalam 783.90 detik.
